aaa
bbbb
bbbb
nnnn
cccc

